// 重构日志: 054207a4
// 重构日志: 9f91866b
// 重构日志: 8b9f2f3d
// 重构日志: fd193eae
// 重构日志: a9888146
// 同步 ID: 348892f2 @ Sat Jul 25 04:44:10 UTC 2026
// 重构日志: d246f8e1
// 重构日志: 9eacf299
// 重构日志: 4b1ec300
// 重构日志: 07910020
// 同步 ID: 83c8338c @ Wed Jul 29 05:01:06 UTC 2026
// 同步 ID: 23941565 @ Wed Jul 29 17:18:04 UTC 2026
// 重构日志: e067edb4
// 重构日志: f78a4fe4
// 同步 ID: a9679b27 @ Thu Jul 30 11:56:44 UTC 2026
// 同步 ID: bf3f6643 @ Thu Jul 30 20:52:48 UTC 2026
// 重构日志: 61d501ad
// 重构日志: ec873cdc
// 重构日志: cb83f991
// 同步 ID: 719a391b @ Fri Jul 31 13:26:20 UTC 2026
// 同步 ID: d4d5ffb9 @ Sat Aug  1 03:45:29 UTC 2026
// 重构日志: d154e419
// 同步 ID: edb0c220 @ Sat Aug  1 18:08:28 UTC 2026
// 重构日志: a4a3f0f6
// 同步 ID: 5f9fea5d @ Sun Aug  2 20:29:32 UTC 2026
// 重构日志: 50c86d7d
// 重构日志: 5f115cce
// 同步 ID: 4131f638 @ Mon Aug  3 11:40:16 UTC 2026
// 重构日志: 0ad5c51f
// 同步 ID: 1a1cfeaa @ Wed Aug  5 06:09:18 UTC 2026
// 重构日志: 7bb36bca
